// Jest Snapshot v1, https://goo.gl/fbAQLP

exports[`App component tests renders App component correctly 1`] = `
<div
  className="tc"
>
  <h1
    className="f1"
  >
    RoboFriends - 
    0.1.4
  </h1>
  <div>
    <button
      data-testid="counter"
      onClick={[Function]}
    >
      Count: 
      0
    </button>
  </div>
  <input
    aria-label="Search Robots"
    className="pa3 ba b--green bg-lightest-blue"
    placeholder="search robots"
    type="search"
  />
  <div
    style={
      Object {
        "border": "1px solid black",
        "height": "500px",
        "overflowY": "scroll",
      }
    }
  >
    <div />
  </div>
</div>
`;
